Copyright 1986-2019 Xilinx, Inc. All Rights Reserved.
-------------------------------------------------------------------------------------
| Tool Version : Vivado v.2019.2 (win64) Build 2700185 Thu Oct 24 18:46:05 MDT 2019
| Date         : Mon Nov 25 10:54:57 2019
| Host         : C940-van-Willem running 64-bit major release  (build 9200)
| Command      : report_control_sets -verbose -file TopLevel_control_sets_placed.rpt
| Design       : TopLevel
| Device       : xc7a100t
-------------------------------------------------------------------------------------

Control Set Information

Table of Contents
-----------------
1. Summary
2. Histogram
3. Flip-Flop Distribution
4. Detailed Control Set Information

1. Summary
----------

+----------------------------------------------------------+-------+
|                          Status                          | Count |
+----------------------------------------------------------+-------+
| Total control sets                                       |    28 |
|    Minimum number of control sets                        |    28 |
|    Addition due to synthesis replication                 |     0 |
|    Addition due to physical synthesis replication        |     0 |
| Unused register locations in slices containing registers |   118 |
+----------------------------------------------------------+-------+
* Control sets can be merged at opt_design using control_set_merge or merge_equivalent_drivers
** Run report_qor_suggestions for automated merging and remapping suggestions


2. Histogram
------------

+--------------------+-------+
|       Fanout       | Count |
+--------------------+-------+
| Total control sets |    28 |
| >= 0 to < 4        |     7 |
| >= 4 to < 6        |     1 |
| >= 6 to < 8        |     1 |
| >= 8 to < 10       |     1 |
| >= 10 to < 12      |     2 |
| >= 12 to < 14      |     0 |
| >= 14 to < 16      |     0 |
| >= 16              |    16 |
+--------------------+-------+
* Control sets can be remapped at either synth_design or opt_design


3. Flip-Flop Distribution
-------------------------

+--------------+-----------------------+------------------------+-----------------+--------------+
| Clock Enable | Synchronous Set/Reset | Asynchronous Set/Reset | Total Registers | Total Slices |
+--------------+-----------------------+------------------------+-----------------+--------------+
| No           | No                    | No                     |             118 |           45 |
| No           | No                    | Yes                    |               0 |            0 |
| No           | Yes                   | No                     |              10 |            5 |
| Yes          | No                    | No                     |             248 |           80 |
| Yes          | No                    | Yes                    |               0 |            0 |
| Yes          | Yes                   | No                     |             162 |           46 |
+--------------+-----------------------+------------------------+-----------------+--------------+


4. Detailed Control Set Information
-----------------------------------

+------------------------------------------------+-------------------------------------------------------------------------------------------------+--------------------------------------------------+------------------+----------------+
|                  Clock Signal                  |                                          Enable Signal                                          |                 Set/Reset Signal                 | Slice Load Count | Bel Load Count |
+------------------------------------------------+-------------------------------------------------------------------------------------------------+--------------------------------------------------+------------------+----------------+
|  CLK100MHz_IBUF_BUFG                           | Triangles_map/LED[3]_i_1_n_0                                                                    |                                                  |                1 |              1 |
|  CLK100MHz_IBUF_BUFG                           | Triangles_map/LED[4]_i_1_n_0                                                                    |                                                  |                1 |              1 |
|  CLK100MHz_IBUF_BUFG                           | Triangles_map/LED[1]_i_1_n_0                                                                    |                                                  |                1 |              1 |
|  CLK100MHz_IBUF_BUFG                           | Triangles_map/State_FifoOut_reg_n_0_[1]                                                         |                                                  |                1 |              1 |
|  CLK100MHz_IBUF_BUFG                           | Triangles_map/State_FifoOut_reg_n_0_[0]                                                         |                                                  |                1 |              1 |
|  VGA_RGB_map/VGATiming_map/clock/inst/PixelClk | VGA_RGB_map/VGATiming_map/BlockTillDecentFrame_reg                                              | VGA_RGB_map/VGATiming_map/LED0_in[0]             |                1 |              2 |
|  VGA_RGB_map/VGATiming_map/clock/inst/PixelClk | VGA_RGB_map/VGATiming_map/Hcount[9]_i_1_n_0                                                     |                                                  |                1 |              3 |
|  CLK100MHz_IBUF_BUFG                           | Triangles_map/Bresenham/s_WritingInVidmem1_reg[0]                                               |                                                  |                2 |              4 |
|  VGA_RGB_map/VGATiming_map/clock/inst/PixelClk | VGA_RGB_map/VGATiming_map/Hcount[9]_i_1_n_0                                                     | VGA_RGB_map/VGATiming_map/Vcount                 |                2 |              7 |
|  CLK100MHz_IBUF_BUFG                           | Triangles_map/Bresenham/State_reg[2]_0                                                          |                                                  |                5 |              9 |
|  CLK100MHz_IBUF_BUFG                           | Triangles_map/Bresenham/State_reg[2]_1                                                          |                                                  |                4 |             10 |
|  VGA_RGB_map/VGATiming_map/clock/inst/PixelClk |                                                                                                 | VGA_RGB_map/VGATiming_map/Hcount[9]_i_1_n_0      |                5 |             10 |
|  CLK100MHz_IBUF_BUFG                           | Triangles_map/Fifo/U0/inst_fifo_gen/gconvfifo.rf/grf.rf/gntv_or_sync_fifo.gl0.rd/grss.rsts/E[0] |                                                  |                5 |             18 |
|  CLK100MHz_IBUF_BUFG                           | Triangles_map/Fifo/U0/inst_fifo_gen/gconvfifo.rf/grf.rf/gntv_or_sync_fifo.gl0.wr/gwss.wsts/E[0] |                                                  |                5 |             18 |
|  CLK100MHz_IBUF_BUFG                           | Triangles_map/Bresenham/s_WritingInVidmem0_reg                                                  | Triangles_map/s_addra0[18]_i_1_n_0               |                7 |             19 |
|  CLK100MHz_IBUF_BUFG                           | Triangles_map/Bresenham/State_VideoMemory_reg[0]_0                                              | Triangles_map/s_addra1[18]_i_1_n_0               |                6 |             19 |
|  VGA_RGB_map/VGATiming_map/clock/inst/PixelClk | VGA_RGB_map/VGATiming_map/klaar1_0                                                              | VGA_RGB_map/VGATiming_map/s_WritingInVidmem0_reg |                5 |             19 |
|  VGA_RGB_map/VGATiming_map/clock/inst/PixelClk | VGA_RGB_map/VGATiming_map/LED0_in[0]                                                            | VGA_RGB_map/VGATiming_map/Hcount_reg[8]_0        |                5 |             19 |
|  CLK100MHz_IBUF_BUFG                           | Triangles_map/Bresenham/State_reg[2]_1                                                          | Triangles_map/Bresenham/currY[31]_i_1_n_0        |                6 |             22 |
|  CLK100MHz_IBUF_BUFG                           | Triangles_map/Bresenham/State_reg[2]_0                                                          | Triangles_map/Bresenham/currY[31]_i_1_n_0        |                6 |             23 |
|  CLK100MHz_IBUF_BUFG                           | Triangles_map/Bresenham/dy_0                                                                    |                                                  |                7 |             23 |
|  CLK100MHz_IBUF_BUFG                           | Triangles_map/Bresenham/e2[31]_i_1_n_0                                                          |                                                  |               10 |             31 |
|  CLK100MHz_IBUF_BUFG                           | Triangles_map/Bresenham/err[30]_i_1_n_0                                                         |                                                  |               10 |             31 |
|  VGA_RGB_map/VGATiming_map/clock/inst/PixelClk |                                                                                                 |                                                  |               19 |             31 |
|  CLK100MHz_IBUF_BUFG                           | Triangles_map/LFSR/State_FifoIn_reg                                                             | Triangles_map/AantalTeller[0]_i_1_n_0            |                8 |             32 |
|  CLK100MHz_IBUF_BUFG                           | Triangles_map/Bresenham/E[0]                                                                    |                                                  |               12 |             38 |
|  CLK100MHz_IBUF_BUFG                           | Triangles_map/LFSR/State_FifoIn_reg                                                             |                                                  |               14 |             58 |
|  CLK100MHz_IBUF_BUFG                           |                                                                                                 |                                                  |               26 |             87 |
+------------------------------------------------+-------------------------------------------------------------------------------------------------+--------------------------------------------------+------------------+----------------+


